<html>
<body>
<pre>
<h1>µVision Build Log</h1>
<h2>Tool Versions:</h2>
IDE-Version: ¦ÌVision V5.14.0.0
Copyright (C) 2015 ARM Ltd and ARM Germany GmbH. All rights reserved.
License Information: Z Z, Z, LIC=CRMUH-WR4RM-YCWJ1-C4KCG-7NG0B-9IAEK
 
Tool Versions:
Toolchain:       MDK-ARM Professional  Version: 5.14.0.0
Toolchain Path:  G:\STM32\MDK5\MDK5\ARM\ARMCC\Bin
C Compiler:      Armcc.exe V5.05 update 1 (build 106)
Assembler:       Armasm.exe V5.05 update 1 (build 106)
Linker/Locator:  ArmLink.exe V5.05 update 1 (build 106)
Library Manager: ArmAr.exe V5.05 update 1 (build 106)
Hex Converter:   FromElf.exe V5.05 update 1 (build 106)
CPU DLL:         SARMCM3.DLL V5.14.0.0
Dialog DLL:      DARMCM1.DLL V1.12.0.0
Target DLL:      Nu_Link.dll V2.04
Dialog DLL:      TARMCM1.DLL V1.9.0.0
 
<h2>Project:</h2>
G:\PickUpWaring\Keil\PickUpWaring.uvproj
Project File Date:  05/24/2018

<h2>Output:</h2>
Build target 'PickUpWaring'
compiling 485_Driver.c...
485_Driver.c(33): warning:  #177-D: variable "i" was declared but never referenced
      int i = 0;
linking...
Program Size: Code=4972 RO-data=304 RW-data=24 ZI-data=664  
FromELF: creating hex file...
".\Objects\PickUpWaring.axf" - 0 Error(s), 1 Warning(s).
</pre>
</body>
</html>
